[    0.000000] Linux version 4.15.0-212-generic (buildd@lcy02-amd64-083) (gcc version 7.5.0 (Ubuntu 7.5.0-3ubuntu1~18.04)) #223-Ubuntu SMP Tue May 23 13:09:22 UTC 2023 (Ubuntu 4.15.0-212.223-generic 4.15.18)
[    0.000000] Command line: BOOT_IMAGE=/boot/vmlinuz-4.15.0-212-generic root=LABEL=cloudimg-rootfs ro console=tty1 console=ttyS0
[    0.000000] KERNEL supported cpus:
[    0.000000]   Intel GenuineIntel
[    0.000000]   AMD AuthenticAMD
[    0.000000]   Centaur CentaurHauls
[    0.000000] [Firmware Bug]: TSC doesn't count with P0 frequency!
[    0.000000] x86/fpu: x87 FPU will use FXSAVE
[    0.000000] e820: BIOS-provided physical RAM map:
[    0.000000] BIOS-e820: [mem 0x0000000000000000-0x000000000009fbff] usable
[    0.000000] BIOS-e820: [mem 0x000000000009fc00-0x000000000009ffff] reserved
[    0.000000] BIOS-e820: [mem 0x00000000000f0000-0x00000000000fffff] reserved
[    0.000000] BIOS-e820: [mem 0x0000000000100000-0x000000001ffeffff] usable
[    0.000000] BIOS-e820: [mem 0x000000001fff0000-0x000000001fffffff] ACPI data
[    0.000000] BIOS-e820: [mem 0x00000000fec00000-0x00000000fec00fff] reserved
[    0.000000] BIOS-e820: [mem 0x00000000fee00000-0x00000000fee00fff] reserved
[    0.000000] BIOS-e820: [mem 0x00000000fffc0000-0x00000000ffffffff] reserved
[    0.000000] NX (Execute Disable) protection: active
[    0.000000] SMBIOS 2.5 present.
[    0.000000] DMI: innotek GmbH VirtualBox/VirtualBox, BIOS VirtualBox 12/01/2006
[    0.000000] Hypervisor detected: KVM
[    0.000000] e820: last_pfn = 0x1fff0 max_arch_pfn = 0x400000000
[    0.000000] x86/PAT: Configuration [0-7]: WB  WC  UC- UC  WB  WP  UC- WT  
[    0.000000] CPU MTRRs all blank - virtualized system.
[    0.000000] found SMP MP-table at [mem 0x0009fbf0-0x0009fbff]
[    0.000000] Scanning 1 areas for low memory corruption
[    0.000000] RAMDISK: [mem 0x1db01000-0x1ee12fff]
[    0.000000] ACPI: Early table checksum verification disabled
[    0.000000] ACPI: RSDP 0x00000000000E0000 000024 (v02 VBOX  )
[    0.000000] ACPI: XSDT 0x000000001FFF0030 00003C (v01 VBOX   VBOXXSDT 00000001 ASL  00000061)
[    0.000000] ACPI: FACP 0x000000001FFF00F0 0000F4 (v04 VBOX   VBOXFACP 00000001 ASL  00000061)
[    0.000000] ACPI: DSDT 0x000000001FFF0610 002353 (v02 VBOX   VBOXBIOS 00000002 INTL 20100528)
[    0.000000] ACPI: FACS 0x000000001FFF0200 000040
[    0.000000] ACPI: FACS 0x000000001FFF0200 000040
[    0.000000] ACPI: APIC 0x000000001FFF0240 000054 (v02 VBOX   VBOXAPIC 00000001 ASL  00000061)
[    0.000000] ACPI: SSDT 0x000000001FFF02A0 00036C (v01 VBOX   VBOXCPUT 00000002 INTL 20100528)
[    0.000000] ACPI: Reserving FACP table memory at [mem 0x1fff00f0-0x1fff01e3]
[    0.000000] ACPI: Reserving DSDT table memory at [mem 0x1fff0610-0x1fff2962]
[    0.000000] ACPI: Reserving FACS table memory at [mem 0x1fff0200-0x1fff023f]
[    0.000000] ACPI: Reserving FACS table memory at [mem 0x1fff0200-0x1fff023f]
[    0.000000] ACPI: Reserving APIC table memory at [mem 0x1fff0240-0x1fff0293]
[    0.000000] ACPI: Reserving SSDT table memory at [mem 0x1fff02a0-0x1fff060b]
[    0.000000] No NUMA configuration found
[    0.000000] Faking a node at [mem 0x0000000000000000-0x000000001ffeffff]
[    0.000000] NODE_DATA(0) allocated [mem 0x1ffc5000-0x1ffeffff]
[    0.000000] kvm-clock: cpu 0, msr 0:1ff44001, primary cpu clock
[    0.000000] kvm-clock: Using msrs 4b564d01 and 4b564d00
[    0.000000] kvm-clock: using sched offset of 3242697360 cycles
[    0.000000] clocksource: kvm-clock: mask: 0xffffffffffffffff max_cycles: 0x1cd42e4dffb, max_idle_ns: 881590591483 ns
[    0.000000] Zone ranges:
[    0.000000]   DMA      [mem 0x0000000000001000-0x0000000000ffffff]
[    0.000000]   DMA32    [mem 0x0000000001000000-0x000000001ffeffff]
[    0.000000]   Normal   empty
[    0.000000]   Device   empty
[    0.000000] Movable zone start for each node
[    0.000000] Early memory node ranges
[    0.000000]   node   0: [mem 0x0000000000001000-0x000000000009efff]
[    0.000000]   node   0: [mem 0x0000000000100000-0x000000001ffeffff]
[    0.000000] Reserved but unavailable: 104 pages
[    0.000000] Initmem setup node 0 [mem 0x0000000000001000-0x000000001ffeffff]
[    0.000000] ACPI: PM-Timer IO Port: 0x4008
[    0.000000] IOAPIC[0]: apic_id 1, version 32, address 0xfec00000, GSI 0-23
[    0.000000] ACPI: INT_SRC_OVR (bus 0 bus_irq 0 global_irq 2 dfl dfl)
[    0.000000] ACPI: INT_SRC_OVR (bus 0 bus_irq 9 global_irq 9 low level)
[    0.000000] Using ACPI (MADT) for SMP configuration information
[    0.000000] smpboot: Allowing 1 CPUs, 0 hotplug CPUs
[    0.000000] PM: Registered nosave memory: [mem 0x00000000-0x00000fff]
[    0.000000] PM: Registered nosave memory: [mem 0x0009f000-0x0009ffff]
[    0.000000] PM: Registered nosave memory: [mem 0x000a0000-0x000effff]
[    0.000000] PM: Registered nosave memory: [mem 0x000f0000-0x000fffff]
[    0.000000] e820: [mem 0x20000000-0xfebfffff] available for PCI devices
[    0.000000] Booting paravirtualized kernel on KVM
[    0.000000] clocksource: refined-jiffies: mask: 0xffffffff max_cycles: 0xffffffff, max_idle_ns: 7645519600211568 ns
[    0.000000] setup_percpu: NR_CPUS:8192 nr_cpumask_bits:1 nr_cpu_ids:1 nr_node_ids:1
[    0.000000] percpu: Embedded 50 pages/cpu s167936 r8192 d28672 u2097152
[    0.000000] PV qspinlock hash table entries: 256 (order: 0, 4096 bytes)
[    0.000000] Built 1 zonelists, mobility grouping on.  Total pages: 128889
[    0.000000] Policy zone: DMA32
[    0.000000] Kernel command line: BOOT_IMAGE=/boot/vmlinuz-4.15.0-212-generic root=LABEL=cloudimg-rootfs ro console=tty1 console=ttyS0
[    0.000000] Memory: 466748K/523832K available (12300K kernel code, 2477K rwdata, 4324K rodata, 2480K init, 2720K bss, 57084K reserved, 0K cma-reserved)
[    0.000000] SLUB: HWalign=64, Order=0-3, MinObjects=0, CPUs=1, Nodes=1
[    0.000000] ftrace: allocating 39508 entries in 155 pages
[    0.004000] Hierarchical RCU implementation.
[    0.004000] 	RCU restricting CPUs from NR_CPUS=8192 to nr_cpu_ids=1.
[    0.004000] 	Tasks RCU enabled.
[    0.004000] RCU: Adjusting geometry for rcu_fanout_leaf=16, nr_cpu_ids=1
[    0.004000] NR_IRQS: 524544, nr_irqs: 256, preallocated irqs: 16
[    0.004000] random: crng init done
[    0.004000] Console: colour VGA+ 80x25
[    0.004000] console [tty1] enabled
[    0.004000] console [ttyS0] enabled
[    0.004000] ACPI: Core revision 20170831
[    0.004000] ACPI: 2 ACPI AML tables successfully acquired and loaded
[    0.004000] APIC: Switch to symmetric I/O mode setup
[    0.004000] ..TIMER: vector=0x30 apic1=0 pin1=2 apic2=-1 pin2=-1
[    0.004004] tsc: Detected 3800.034 MHz processor
[    0.008006] Calibrating delay loop (skipped) preset value.. 7600.06 BogoMIPS (lpj=15200136)
[    0.011098] pid_max: default: 32768 minimum: 301
[    0.012015] Security Framework initialized
[    0.013615] Yama: becoming mindful.
[    0.016013] AppArmor: AppArmor initialized
[    0.017682] Dentry cache hash table entries: 65536 (order: 7, 524288 bytes)
[    0.020017] Inode-cache hash table entries: 32768 (order: 6, 262144 bytes)
[    0.024007] Mount-cache hash table entries: 1024 (order: 1, 8192 bytes)
[    0.026485] Mountpoint-cache hash table entries: 1024 (order: 1, 8192 bytes)
[    0.028720] CPU0: Hyper-Threading is disabled
[    0.030443] Last level iTLB entries: 4KB 512, 2MB 512, 4MB 256
[    0.032002] Last level dTLB entries: 4KB 2048, 2MB 2048, 4MB 1024, 1GB 0
[    0.036002] Spectre V1 : Mitigation: usercopy/swapgs barriers and __user pointer sanitization
[    0.040002] Spectre V2 : Mitigation: Retpolines
[    0.041746] Spectre V2 : Spectre v2 / SpectreRSB mitigation: Filling RSB on context switch
[    0.044001] Spectre V2 : Spectre v2 / SpectreRSB : Filling RSB on VMEXIT
[    0.049293] Freeing SMP alternatives memory: 36K
[    0.160002] APIC calibration not consistent with PM-Timer: 97ms instead of 100ms
[    0.163043] APIC delta adjusted to PM-Timer: 6233316 (6088434)
[    0.164210] smpboot: CPU0: AMD Ryzen 7 5800X 8-Core Processor (family: 0x19, model: 0x21, stepping: 0x2)
[    0.168055] Performance Events: PMU not available due to virtualization, using software events only.
[    0.172024] Hierarchical SRCU implementation.
[    0.174300] NMI watchdog: Perf event create on CPU 0 failed with -2
[    0.176002] NMI watchdog: Perf NMI watchdog permanently disabled
[    0.180023] smp: Bringing up secondary CPUs ...
[    0.181957] smp: Brought up 1 node, 1 CPU
[    0.184001] smpboot: Max logical packages: 1
[    0.185835] smpboot: Total of 1 processors activated (7600.06 BogoMIPS)
[    0.188097] devtmpfs: initialized
[    0.189677] x86/mm: Memory block size: 128MB
[    0.192062] evm: security.selinux
[    0.193509] evm: security.SMACK64
[    0.194786] evm: security.SMACK64EXEC
[    0.196002] evm: security.SMACK64TRANSMUTE
[    0.197550] evm: security.SMACK64MMAP
[    0.199039] evm: security.apparmor
[    0.200001] evm: security.ima
[    0.201159] evm: security.capability
[    0.202621] clocksource: jiffies: mask: 0xffffffff max_cycles: 0xffffffff, max_idle_ns: 7645041785100000 ns
[    0.204007] futex hash table entries: 256 (order: 2, 16384 bytes)
[    0.208025] pinctrl core: initialized pinctrl subsystem
[    0.210145] RTC time: 21:18:55, date: 11/12/24
[    0.212069] NET: Registered protocol family 16
[    0.213922] audit: initializing netlink subsys (disabled)
[    0.216064] cpuidle: using governor ladder
[    0.217682] cpuidle: using governor menu
[    0.221032] audit: type=2000 audit(1731446339.981:1): state=initialized audit_enabled=0 res=1
[    0.224065] ACPI: bus type PCI registered
[    0.225577] acpiphp: ACPI Hot Plug PCI Controller Driver version: 0.5
[    0.228156] PCI: Using configuration type 1 for base access
[    0.230186] PCI: Using configuration type 1 for extended access
[    0.232616] HugeTLB registered 2.00 MiB page size, pre-allocated 0 pages
[    0.236088] ACPI: Added _OSI(Module Device)
[    0.237714] ACPI: Added _OSI(Processor Device)
[    0.240003] ACPI: Added _OSI(3.0 _SCP Extensions)
[    0.241762] ACPI: Added _OSI(Processor Aggregator Device)
[    0.244005] ACPI: Added _OSI(Linux-Dell-Video)
[    0.245684] ACPI: Added _OSI(Linux-Lenovo-NV-HDMI-Audio)
[    0.248009] ACPI: Added _OSI(Linux-HPI-Hybrid-Graphics)
[    0.250315] ACPI: Executed 1 blocks of module-level executable AML code
[    0.254640] ACPI: Interpreter enabled
[    0.256010] ACPI: (supports S0 S5)
[    0.257313] ACPI: Using IOAPIC for interrupt routing
[    0.260240] PCI: Using host bridge windows from ACPI; if necessary, use "pci=nocrs" and report a bug
[    0.264125] ACPI: Enabled 2 GPEs in block 00 to 07
[    0.271567] ACPI: PCI Root Bridge [PCI0] (domain 0000 [bus 00-ff])
[    0.272005] acpi PNP0A03:00: _OSC: OS supports [ExtendedConfig ASPM ClockPM Segments MSI]
[    0.276995] acpi PNP0A03:00: _OSC: platform does not support [PCIeCapability]
[    0.280489] acpi PNP0A03:00: _OSC: not requesting control; platform does not support [PCIeCapability]
[    0.284002] acpi PNP0A03:00: _OSC: OS requested [PCIeHotplug PME AER PCIeCapability]
[    0.286807] acpi PNP0A03:00: _OSC: platform willing to grant [PCIeHotplug PME AER]
[    0.288002] acpi PNP0A03:00: _OSC failed (AE_SUPPORT); disabling ASPM
[    0.292350] PCI host bridge to bus 0000:00
[    0.293936] pci_bus 0000:00: root bus resource [io  0x0000-0x0cf7 window]
[    0.296002] pci_bus 0000:00: root bus resource [io  0x0d00-0xffff window]
[    0.298453] pci_bus 0000:00: root bus resource [mem 0x000a0000-0x000bffff window]
[    0.300002] pci_bus 0000:00: root bus resource [mem 0x20000000-0xfdffffff window]
[    0.304002] pci_bus 0000:00: root bus resource [bus 00-ff]
[    0.310156] pci 0000:00:01.1: legacy IDE quirk: reg 0x10: [io  0x01f0-0x01f7]
[    0.312002] pci 0000:00:01.1: legacy IDE quirk: reg 0x14: [io  0x03f6]
[    0.314409] pci 0000:00:01.1: legacy IDE quirk: reg 0x18: [io  0x0170-0x0177]
[    0.316002] pci 0000:00:01.1: legacy IDE quirk: reg 0x1c: [io  0x0376]
[    0.330216] pci 0000:00:07.0: quirk: [io  0x4000-0x403f] claimed by PIIX4 ACPI
[    0.332018] pci 0000:00:07.0: quirk: [io  0x4100-0x410f] claimed by PIIX4 SMB
[    0.340584] ACPI: PCI Interrupt Link [LNKA] (IRQs 5 9 10 *11)
[    0.342978] ACPI: PCI Interrupt Link [LNKB] (IRQs 5 9 *10 11)
[    0.344113] ACPI: PCI Interrupt Link [LNKC] (IRQs 5 *9 10 11)
[    0.346339] ACPI: PCI Interrupt Link [LNKD] (IRQs 5 9 10 *11)
[    0.348221] SCSI subsystem initialized
[    0.349725] pci 0000:00:02.0: vgaarb: setting as boot VGA device
[    0.351936] pci 0000:00:02.0: vgaarb: VGA device added: decodes=io+mem,owns=io+mem,locks=none
[    0.352003] pci 0000:00:02.0: vgaarb: bridge control possible
[    0.354141] vgaarb: loaded
[    0.356015] ACPI: bus type USB registered
[    0.357558] usbcore: registered new interface driver usbfs
[    0.359573] usbcore: registered new interface driver hub
[    0.360006] usbcore: registered new device driver usb
[    0.361907] EDAC MC: Ver: 3.0.0
[    0.364321] PCI: Using ACPI for IRQ routing
[    0.366247] NetLabel: Initializing
[    0.368001] NetLabel:  domain hash size = 128
[    0.369655] NetLabel:  protocols = UNLABELED CIPSOv4 CALIPSO
[    0.372012] NetLabel:  unlabeled traffic allowed by default
[    0.374141] clocksource: Switched to clocksource kvm-clock
[    0.390432] VFS: Disk quotas dquot_6.6.0
[    0.394876] VFS: Dquot-cache hash table entries: 512 (order 0, 4096 bytes)
[    0.397701] AppArmor: AppArmor Filesystem Enabled
[    0.399579] pnp: PnP ACPI init
[    0.401775] pnp: PnP ACPI: found 3 devices
[    0.409451] clocksource: acpi_pm: mask: 0xffffff max_cycles: 0xffffff, max_idle_ns: 2085701024 ns
[    0.412868] NET: Registered protocol family 2
[    0.414682] IP idents hash table entries: 8192 (order: 4, 65536 bytes)
[    0.417488] TCP established hash table entries: 4096 (order: 3, 32768 bytes)
[    0.420186] TCP bind hash table entries: 4096 (order: 4, 65536 bytes)
[    0.422647] TCP: Hash tables configured (established 4096 bind 4096)
[    0.425234] UDP hash table entries: 256 (order: 1, 8192 bytes)
[    0.427508] UDP-Lite hash table entries: 256 (order: 1, 8192 bytes)
[    0.429945] NET: Registered protocol family 1
[    0.431606] pci 0000:00:00.0: Limiting direct PCI/PCI transfers
[    0.433902] pci 0000:00:01.0: Activating ISA DMA hang workarounds
[    0.436407] pci 0000:00:02.0: Video device with shadowed ROM at [mem 0x000c0000-0x000dffff]
[    0.439613] Unpacking initramfs...
[    0.684003] Freeing initrd memory: 19528K
[    0.688285] clocksource: tsc: mask: 0xffffffffffffffff max_cycles: 0x6d8cf157bba, max_idle_ns: 881591204670 ns
[    0.692226] platform rtc_cmos: registered platform RTC device (no PNP device found)
[    0.695148] Scanning for low memory corruption every 60 seconds
[    0.697814] Initialise system trusted keyrings
[    0.699525] Key type blacklist registered
[    0.701230] workingset: timestamp_bits=36 max_order=17 bucket_order=0
[    0.704739] zbud: loaded
[    0.706420] squashfs: version 4.0 (2009/01/31) Phillip Lougher
[    0.709145] fuse init (API version 7.26)
[    0.711785] Key type asymmetric registered
[    0.713454] Asymmetric key parser 'x509' registered
[    0.715316] Block layer SCSI generic (bsg) driver version 0.4 loaded (major 246)
[    0.718224] io scheduler noop registered
[    0.719757] io scheduler deadline registered
[    0.721961] io scheduler cfq registered (default)
[    0.724205] ACPI: AC Adapter [AC] (on-line)
[    0.725823] input: Power Button as /devices/LNXSYSTM:00/LNXPWRBN:00/input/input0
[    0.728815] ACPI: Power Button [PWRF]
[    0.730256] input: Sleep Button as /devices/LNXSYSTM:00/LNXSLPBN:00/input/input1
[    0.733056] ACPI: Sleep Button [SLPF]
[    0.734717] Serial: 8250/16550 driver, 32 ports, IRQ sharing enabled
[    0.760547] 00:02: ttyS0 at I/O 0x3f8 (irq = 4, base_baud = 115200) is a 16550A
[    0.765417] Linux agpgart interface v0.103
[    0.769317] loop: module loaded
[    0.771255] scsi host0: ata_piix
[    0.772631] scsi host1: ata_piix
[    0.774067] ata1: PATA max UDMA/33 cmd 0x1f0 ctl 0x3f6 bmdma 0xd000 irq 14
[    0.776632] ata2: PATA max UDMA/33 cmd 0x170 ctl 0x376 bmdma 0xd008 irq 15
[    0.779925] tun: Universal TUN/TAP device driver, 1.6
[    0.781895] PPP generic driver version 2.4.2
[    0.783553] ehci_hcd: USB 2.0 'Enhanced' Host Controller (EHCI) Driver
[    0.786010] ehci-pci: EHCI PCI platform driver
[    0.787683] ehci-platform: EHCI generic platform driver
[    0.790032] ohci_hcd: USB 1.1 'Open' Host Controller (OHCI) Driver
[    0.792343] ohci-pci: OHCI PCI platform driver
[    0.793988] ohci-platform: OHCI generic platform driver
[    0.796149] uhci_hcd: USB Universal Host Controller Interface driver
[    0.798523] i8042: PNP: PS/2 Controller [PNP0303:PS2K,PNP0f03:PS2M] at 0x60,0x64 irq 1,12
[    0.802944] serio: i8042 KBD port at 0x60,0x64 irq 1
[    0.804961] serio: i8042 AUX port at 0x60,0x64 irq 12
[    0.806845] mousedev: PS/2 mouse device common for all mice
[    0.809549] input: AT Translated Set 2 keyboard as /devices/platform/i8042/serio0/input/input2
[    0.813184] rtc_cmos rtc_cmos: rtc core: registered rtc_cmos as rtc0
[    0.815841] rtc_cmos rtc_cmos: alarms up to one day, 114 bytes nvram
[    0.818460] i2c /dev entries driver
[    0.819869] device-mapper: uevent: version 1.0.3
[    0.822167] device-mapper: ioctl: 4.37.0-ioctl (2017-09-20) initialised: dm-devel@redhat.com
[    0.825268] ledtrig-cpu: registered to indicate activity on CPUs
[    0.827608] NET: Registered protocol family 10
[    0.831266] Segment Routing with IPv6
[    0.832777] NET: Registered protocol family 17
[    0.834449] Key type dns_resolver registered
[    0.836300] mce: Using 0 MCE banks
[    0.837681] RAS: Correctable Errors collector initialized.
[    0.839677] sched_clock: Marking stable (836230697, 0)->(1109565804, -273335107)
[    0.842535] registered taskstats version 1
[    0.844140] Loading compiled-in X.509 certificates
[    0.846984] Loaded X.509 cert 'Build time autogenerated kernel key: b5b26778eaa3ab3a4a6cee031137706e947d12ad'
[    0.850897] Loaded X.509 cert 'Canonical Ltd. Live Patch Signing: 14df34d1a87cf37625abec039ef2bf521249b969'
[    0.855259] Loaded X.509 cert 'Canonical Ltd. Kernel Module Signing: 88f752e560a1e0737e31163a466ad7b70a850c19'
[    0.859093] blacklist: Loading compiled-in revocation X.509 certificates
[    0.861578] Loaded X.509 cert 'Canonical Ltd. Secure Boot Signing: 61482aa2830d0ab2ad5af10b7250da9033ddcef0'
[    0.865145] Loaded X.509 cert 'Canonical Ltd. Secure Boot Signing (2017): 242ade75ac4a15e50d50c84b0d45ff3eae707a03'
[    0.868969] Loaded X.509 cert 'Canonical Ltd. Secure Boot Signing (ESM 2018): 365188c1d374d6b07c3c8f240f8ef722433d6a8b'
[    0.872861] Loaded X.509 cert 'Canonical Ltd. Secure Boot Signing (2019): c0746fd6c5da3ae827864651ad66ae47fe24b3e8'
[    0.876776] Loaded X.509 cert 'Canonical Ltd. Secure Boot Signing (2021 v1): a8d54bbb3825cfb94fa13c9f8a594a195c107b8d'
[    0.880676] Loaded X.509 cert 'Canonical Ltd. Secure Boot Signing (2021 v2): 4cf046892d6fd3c9a5b03f98d845f90851dc6a8c'
[    0.884558] Loaded X.509 cert 'Canonical Ltd. Secure Boot Signing (2021 v3): 100437bb6de6e469b581e61cd66bce3ef4ed53af'
[    0.889209] Loaded X.509 cert 'Canonical Ltd. Secure Boot Signing (Ubuntu Core 2019): c1d57b8f6b743f23ee41f4f7ee292f06eecadfb9'
[    0.893422] zswap: loaded using pool lzo/zbud
[    0.897168] Key type big_key registered
[    0.898629] Key type trusted registered
[    0.901000] Key type encrypted registered
[    0.902507] AppArmor: AppArmor sha1 policy hashing enabled
[    0.904595] ima: No TPM chip found, activating TPM-bypass! (rc=-19)
[    0.906861] ima: Allocated hash algorithm: sha1
[    0.908880] evm: HMAC attrs: 0x1
[    0.910439]   Magic number: 0:433:348
[    0.911977] rtc_cmos rtc_cmos: setting system clock to 2024-11-12 21:18:56 UTC (1731446336)
[    0.915379] BIOS EDD facility v0.16 2004-Jun-25, 0 devices found
[    0.917842] EDD information not available.
[    0.971723] Freeing unused kernel image memory: 2480K
[    0.980290] Write protecting the kernel read-only data: 20480k
[    0.982842] Freeing unused kernel image memory: 2008K
[    0.985001] Freeing unused kernel image memory: 1820K
[    0.990034] x86/mm: Checked W+X mappings: passed, no W+X pages found.
Loading, please wait...
starting version 237
[    1.062154] e1000: Intel(R) PRO/1000 Network Driver - version 7.3.21-k8-NAPI
[    1.065126] e1000: Copyright (c) 1999-2006 Intel Corporation.
[    1.069941] Fusion MPT base driver 3.04.20
[    1.071612] Copyright (c) 1999-2008 LSI Corporation
[    1.089018] SSE version of gcm_enc/dec engaged.
[    1.091679] Fusion MPT SPI Host driver 3.04.20
[    1.292876] input: ImExPS/2 Generic Explorer Mouse as /devices/platform/i8042/serio1/input/input4
[    1.575375] e1000 0000:00:03.0 eth0: (PCI:33MHz:32-bit) 02:3b:7b:b7:3b:2d
[    1.577905] e1000 0000:00:03.0 eth0: Intel(R) PRO/1000 Network Connection
[    1.582964] mptbase: ioc0: Initiating bringup
[    1.693742] ioc0: LSI53C1030 A0: Capabilities={Initiator}
[    1.940889] scsi host2: ioc0: LSI53C1030 A0, FwRev=00000000h, Ports=1, MaxQ=256, IRQ=20
[    2.112811] scsi 2:0:0:0: Direct-Access     VBOX     HARDDISK         1.0  PQ: 0 ANSI: 5
[    2.118952] scsi target2:0:0: Beginning Domain Validation
[    2.125392] scsi target2:0:0: Domain Validation skipping write tests
[    2.128741] scsi target2:0:0: Ending Domain Validation
[    2.131938] scsi target2:0:0: asynchronous
[    2.135285] scsi 2:0:1:0: Direct-Access     VBOX     HARDDISK         1.0  PQ: 0 ANSI: 5
[    2.139633] scsi target2:0:1: Beginning Domain Validation
[    2.146701] scsi target2:0:1: Domain Validation skipping write tests
[    2.150320] scsi target2:0:1: Ending Domain Validation
[    2.165906] scsi target2:0:1: asynchronous
[    2.249806] sd 2:0:0:0: [sda] 83886080 512-byte logical blocks: (42.9 GB/40.0 GiB)
[    2.252792] sd 2:0:0:0: Attached scsi generic sg0 type 0
[    2.255275] sd 2:0:1:0: [sdb] 20480 512-byte logical blocks: (10.5 MB/10.0 MiB)
[    2.258025] sd 2:0:0:0: [sda] Write Protect is off
[    2.260162] sd 2:0:1:0: Attached scsi generic sg1 type 0
[    2.262110] sd 2:0:1:0: [sdb] Write Protect is off
[    2.264141] sd 2:0:0:0: [sda] Incomplete mode parameter data
[    2.266214] sd 2:0:0:0: [sda] Assuming drive cache: write through
[    2.268577] sd 2:0:1:0: [sdb] Incomplete mode parameter data
[    2.270613] sd 2:0:1:0: [sdb] Assuming drive cache: write through
[    2.297419]  sda: sda1
[    2.299732] sd 2:0:1:0: [sdb] Attached SCSI disk
[    2.302175] sd 2:0:0:0: [sda] Attached SCSI disk
[    2.634678] e1000 0000:00:08.0 eth1: (PCI:33MHz:32-bit) 08:00:27:6c:b1:88
[    2.637798] e1000 0000:00:08.0 eth1: Intel(R) PRO/1000 Network Connection
[    2.641178] e1000 0000:00:08.0 enp0s8: renamed from eth1
[    2.644380] e1000 0000:00:03.0 enp0s3: renamed from eth0
Begin: Loading essential drivers ... [    4.089330] raid6: sse2x1   gen()  7839 MB/s
[    4.152028] raid6: sse2x1   xor() 16369 MB/s
[    4.204071] raid6: sse2x2   gen() 16150 MB/s
[    4.256209] raid6: sse2x2   xor() 17047 MB/s
[    4.308167] raid6: sse2x4   gen() 21741 MB/s
[    4.372050] raid6: sse2x4   xor() 14368 MB/s
[    4.374152] raid6: using algorithm sse2x4 gen() 21741 MB/s
[    4.376996] raid6: .... xor() 14368 MB/s, rmw enabled
[    4.379162] raid6: using ssse3x2 recovery algorithm
[    4.382300] xor: measuring software checksum speed
[    4.486346]    prefetch64-sse: 59183.000 MB/sec
[    4.592051]    generic_sse: 58815.000 MB/sec
[    4.593929] xor: using function: prefetch64-sse (59183.000 MB/sec)
[    4.597268] async_tx: api initialized (async)
done.
Begin: Running /scripts/init-premount ... done.
Begin: Mounting root file system ... Begin: Running /scripts/local-top ... done.
Begin: Running /scripts/local-premount ... [    4.631645] Btrfs loaded, crc32c=crc32c-intel
Scanning for Btrfs filesystems
done.
Warning: fsck not present, so skipping root file system
[    4.658945] EXT4-fs (sda1): mounted filesystem with ordered data mode. Opts: (null)
done.
Begin: Running /scripts/local-bottom ... done.
Begin: Running /scripts/init-bottom ... done.
[    4.802410] ip_tables: (C) 2000-2006 Netfilter Core Team
[    4.813972] systemd[1]: systemd 237 running in system mode. (+PAM +AUDIT +SELINUX +IMA +APPARMOR +SMACK +SYSVINIT +UTMP +LIBCRYPTSETUP +GCRYPT +GNUTLS +ACL +XZ +LZ4 +SECCOMP +BLKID +ELFUTILS +KMOD -IDN2 +IDN -PCRE2 default-hierarchy=hybrid)
[    4.821789] systemd[1]: Detected virtualization oracle.
[    4.823921] systemd[1]: Detected architecture x86-64.

Welcome to [1mUbuntu 18.04.6 LTS[0m!

[    4.829168] systemd[1]: Set hostname to <ubuntu>.
[    4.834267] systemd[1]: Initializing machine ID from random generator.
[    4.836812] systemd[1]: Installed transient /etc/machine-id file.
[    5.035444] systemd[1]: Started Forward Password Requests to Wall Directory Watch.
[[0;32m  OK  [0m] Started Forward Password Requests to Wall Directory Watch.
[    5.040882] systemd[1]: Created slice System Slice.
[[0;32m  OK  [0m] Created slice System Slice.
[    5.044791] systemd[1]: Created slice system-serial\x2dgetty.slice.
[[0;32m  OK  [0m] Created slice system-serial\x2dgetty.slice.
[    5.049267] systemd[1]: Listening on LVM2 metadata daemon socket.
[[0;32m  OK  [0m] Listening on LVM2 metadata daemon socket.
[[0;32m  OK  [0m] Listening on Journal Audit Socket.
[[0;32m  OK  [0m] Reached target User and Group Name Lookups.
[[0;32m  OK  [0m] Listening on /dev/initctl Compatibility Named Pipe.
[[0;32m  OK  [0m] Reached target System Time Synchronized.
[[0;32m  OK  [0m] Listening on Network Service Netlink Socket.
[[0;32m  OK  [0m] Listening on Device-mapper event daemon FIFOs.
[[0;32m  OK  [0m] Listening on Journal Socket (/dev/log).
[[0;32m  OK  [0m] Reached target Swap.
[[0;32m  OK  [0m] Listening on fsck to fsckd communication Socket.
[[0;32m  OK  [0m] Listening on Syslog Socket.
[[0;32m  OK  [0m] Listening on Journal Socket.
         Starting Set the console keyboard layout...
         Starting Uncomplicated firewall...
         Mounting POSIX Message Queue File System...
         Starting Load Kernel Modules...
         Starting Journal Service...
         Starting Monitoring of LVM2 mirrorsâ€¦ng dmeventd or progress polling...
         Mounting Kernel Debug File System...
         Starting File System Check on Root Device...
[[0;32m  OK  [0m] Listening on udev Control Socket.
[[0;32m  OK  [0m] Set up automount Arbitrary Executabâ€¦rmats File System Automount Point.
[    5.109718] Loading iSCSI transport class v2.0-870.
[    5.114336] iscsi: registered transport (tcp)
[    5.123862] iscsi: registered transport (iser)
         Mounting Huge Pages File System...
[[0;32m  OK  [0m] Listening on LVM2 poll daemon socket.
         Starting Create list of required stâ€¦ce nodes for the current kernel...
[[0;32m  OK  [0m] Created slice User and Session Slice.
[[0;32m  OK  [0m] Reached target Slices.
[[0;32m  OK  [0m] Reached target Mounting snaps.
[[0;32m  OK  [0m] Reached target Mounted snaps.
[[0;32m  OK  [0m] Listening on udev Kernel Socket.
         Starting udev Coldplug all Devices...
[[0;32m  OK  [0m] Started Journal Service.
[[0;32m  OK  [0m] Started Uncomplicated firewall.
[[0;32m  OK  [0m] Mounted POSIX Message Queue File System.
[[0;32m  OK  [0m] Started Load Kernel Modules.
[[0;32m  OK  [0m] Mounted Kernel Debug File System.
[[0;32m  OK  [0m] Started File System Check on Root Device.
[[0;32m  OK  [0m] Mounted Huge Pages File System.
[[0;32m  OK  [0m] Started Create list of required staâ€¦vice nodes for the current kernel.
[[0;32m  OK  [0m] Started File System Check Daemon to report status.
[[0;32m  OK  [0m] Started LVM2 metadata daemon.
         Starting Create Static Device Nodes in /dev...
         Starting Remount Root and Kernel File Systems...
         Mounting Kernel Configuration File System...
         Mounting FUSE Control File System...
         Starting Apply Kernel Variables...
[[0;32m  OK  [0m] Mounted Kernel Configuration File System.
[[0;32m  OK  [0m] Mounted FUSE Control File System.
[[0;32m  OK  [0m] Started udev Coldplug all Devices.
[[0;32m  OK  [0m] Started Create Static Device Nodes in /dev.
[    5.298152] EXT4-fs (sda1): re-mounted. Opts: (null)
[[0;32m  OK  [0m] Started Remount Root and Kernel File Systems.
         Starting Flush Journal to Persistent Storage...
         Starting udev Kernel Device Manager...
         Starting Load/Save Random Seed...
[[0;32m  OK  [0m] Started Monitoring of LVM2 mirrors,â€¦sing dmeventd or progress polling.
[    5.324704] systemd-journald[412]: Received request to flush runtime journal from PID 1
[[0;32m  OK  [0m] Started Load/Save Random Seed.
[[0;32m  OK  [0m] Started Apply Kernel Variables.
[[0;32m  OK  [0m] Started udev Kernel Device Manager.
[[0;32m  OK  [0m] Started Flush Journal to Persistent Storage.
[[0;32m  OK  [0m] Found device /dev/ttyS0.
[[0;32m  OK  [0m] Listening on Load/Save RF Kill Switch Status /dev/rfkill Watch.
[[0;32m  OK  [0m] Started Set the console keyboard layout.
[[0;32m  OK  [0m] Reached target Local File Systems (Pre).
[[0;32m  OK  [0m] Reached target Local File Systems.
         Starting ebtables ruleset management...
         Starting Tell Plymouth To Write Out Runtime Data...
         Starting AppArmor initialization...
         Starting Create Volatile Files and Directories...
         Starting Commit a transient machine-id on disk...
         Starting Set console font and keymap...
[[0;32m  OK  [0m] Started Dispatch Password Requests to Console Directory Watch.
[[0;32m  OK  [0m] Reached target Local Encrypted Volumes.
[[0;32m  OK  [0m] Started Tell Plymouth To Write Out Runtime Data.
[[0;32m  OK  [0m] Started Commit a transient machine-id on disk.
[[0;32m  OK  [0m] Started Create Volatile Files and Directories.
         Starting Update UTMP about System Boot/Shutdown...
[[0;32m  OK  [0m] Started Update UTMP about System Boot/Shutdown.
[[0;32m  OK  [0m] Started ebtables ruleset management.
         Mounting Arbitrary Executable File Formats File System...
[[0;32m  OK  [0m] Mounted Arbitrary Executable File Formats File System.
[[0;32m  OK  [0m] Started AppArmor initialization.
         Starting Initial cloud-init job (pre-networking)...
         Starting Load AppArmor profiles managed internally by snapd...
[[0;32m  OK  [0m] Started Set console font and keymap.
[[0;32m  OK  [0m] Started Load AppArmor profiles managed internally by snapd.
[    7.975913] cloud-init[768]: Cloud-init v. 23.1.2-0ubuntu0~18.04.1 running 'init-local' at Tue, 12 Nov 2024 21:19:03 +0000. Up 7.79 seconds.
[[0;32m  OK  [0m] Started Initial cloud-init job (pre-networking).
[[0;32m  OK  [0m] Reached target Network (Pre).
         Starting Network Service...
[[0;32m  OK  [0m] Started Network Service.
         Starting Wait for Network to be Configured...
         Starting Network Name Resolution...
[[0;32m  OK  [0m] Started Network Name Resolution.
[[0;32m  OK  [0m] Reached target Host and Network Name Lookups.
[[0;32m  OK  [0m] Reached target Network.
[[0;32m  OK  [0m] Started Wait for Network to be Configured.
         Starting Initial cloud-init job (metadata service crawler)...
[   10.005471] cloud-init[899]: Cloud-init v. 23.1.2-0ubuntu0~18.04.1 running 'init' at Tue, 12 Nov 2024 21:19:05 +0000. Up 9.93 seconds.
[   10.010874] cloud-init[899]: ci-info: ++++++++++++++++++++++++++++++++++++++Net device info+++++++++++++++++++++++++++++++++++++++
[   10.015283] cloud-init[899]: ci-info: +--------+-------+----------------------------+---------------+--------+-------------------+
[   10.021684] cloud-init[899]: ci-info: | Device |   Up  |          Address           |      Mask     | Scope  |     Hw-Address    |
[   10.027284] cloud-init[899]: ci-info: +--------+-------+----------------------------+---------------+--------+-------------------+
[   10.034108] cloud-init[899]: ci-info: | enp0s3 |  True |         10.0.2.15          | 255.255.255.0 | global | 02:3b:7b:b7:3b:2d |
[   10.041748] cloud-init[899]: ci-info: | enp0s3 |  True | fd00::3b:7bff:feb7:3b2d/64 |       .       | global | 02:3b:7b:b7:3b:2d |
[   10.049129] cloud-init[899]: ci-info: | enp0s3 |  True | fe80::3b:7bff:feb7:3b2d/64 |       .       |  link  | 02:3b:7b:b7:3b:2d |
[   10.052852] cloud-init[899]: ci-info: | enp0s8 | False |             .              |       .       |   .    | 08:00:27:6c:b1:88 |
[   10.059998] cloud-init[899]: ci-info: |   lo   |  True |         127.0.0.1          |   255.0.0.0   |  host  |         .         |
[   10.063853] cloud-init[899]: ci-info: |   lo   |  True |          ::1/128           |       .       |  host  |         .         |
[   10.067591] cloud-init[899]: ci-info: +--------+-------+----------------------------+---------------+--------+-------------------+
[   10.071848] cloud-init[899]: ci-info: ++++++++++++++++++++++++++++Route IPv4 info+++++++++++++++++++++++++++++
[   10.081908] cloud-init[899]: ci-info: +-------+-------------+----------+-----------------+-----------+-------+
[   10.085759] cloud-init[899]: ci-info: | Route | Destination | Gateway  |     Genmask     | Interface | Flags |
[   10.089254] cloud-init[899]: ci-info: +-------+-------------+----------+-----------------+-----------+-------+
[   10.092386] cloud-init[899]: ci-info: |   0   |   0.0.0.0   | 10.0.2.2 |     0.0.0.0     |   enp0s3  |   UG  |
[   10.096698] cloud-init[899]: ci-info: |   1   |   10.0.2.0  | 0.0.0.0  |  255.255.255.0  |   enp0s3  |   U   |
[   10.104502] cloud-init[899]: ci-info: |   2   |   10.0.2.2  | 0.0.0.0  | 255.255.255.255 |   enp0s3  |   UH  |
[   10.110126] cloud-init[899]: ci-info: +-------+-------------+----------+-----------------+-----------+-------+
[   10.114913] cloud-init[899]: ci-info: +++++++++++++++++++Route IPv6 info+++++++++++++++++++
[   10.120713] cloud-init[899]: ci-info: +-------+-------------+---------+-----------+-------+
[   10.125087] cloud-init[899]: ci-info: | Route | Destination | Gateway | Interface | Flags |
[   10.127909] cloud-init[899]: ci-info: +-------+-------------+---------+-----------+-------+
[   10.135307] cloud-init[899]: ci-info: |   1   |  fd00::/64  |    ::   |   enp0s3  |   U   |
[   10.139269] cloud-init[899]: ci-info: |   2   |  fe80::/64  |    ::   |   enp0s3  |   U   |
[   10.144366] cloud-init[899]: ci-info: |   3   |     ::/0    | fe80::2 |   enp0s3  |   UG  |
[   10.146473] cloud-init[899]: ci-info: |   5   |    local    |    ::   |   enp0s3  |   U   |
[   10.148620] cloud-init[899]: ci-info: |   6   |   ff00::/8  |    ::   |   enp0s3  |   U   |
[   10.150771] cloud-init[899]: ci-info: +-------+-------------+---------+-----------+-------+
[   10.609606] cloud-init[899]: Generating public/private rsa key pair.
[   10.612241] cloud-init[899]: Your identification has been saved in /etc/ssh/ssh_host_rsa_key.
[   10.625958] cloud-init[899]: Your public key has been saved in /etc/ssh/ssh_host_rsa_key.pub.
[   10.628639] cloud-init[899]: The key fingerprint is:
[   10.630347] cloud-init[899]: SHA256:T+k+RLw/Oa/RbGqz/2oJ+s7d0rJ2Xnt31304S63r45U root@ubuntu-bionic
[   10.632707] cloud-init[899]: The key's randomart image is:
[   10.634936] cloud-init[899]: +---[RSA 2048]----+
[   10.647130] cloud-init[899]: |                 |
[   10.649259] cloud-init[899]: |                 |
[   10.651053] cloud-init[899]: |         .       |
[   10.653217] cloud-init[899]: |          o.     |
[   10.655357] cloud-init[899]: |        S.o.     |
[   10.663938] cloud-init[899]: |         +o .o ..|
[   10.666270] cloud-init[899]: |         .oo.o=E*|
[   10.668540] cloud-init[899]: |         .o.B*X+&|
[[0;32m  OK  [0m] Started Initial cloud-init job (metadata service crawler).
[[0;32m  OK  [0m] Reached target Cloud-config availability.
[   10.675458] cloud-init[899]: |          .=B&%#X|
[[0;32m  OK  [0m] Reached target System Initialization.
[   10.679274] cloud-init[899]: +----[SHA256]-----+
         Starting Socket activation for snappy daemon.
[   10.683143] cloud-init[899]: Generating public/private dsa key pair.
[[0;32m  OK  [0m] Started Daily apt download activities.
[   10.687502] cloud-init         Starting LXD - unix socket.
[[0;32m  OK  [0m] Listening on Open-iSCSI iscsid Socket.
[[0;32m  OK  [0m] Started Daily Cleanup of Temporary Directories.[899]: Your identification has been saved in /etc/ssh/ssh_host_dsa_key.
[   10.699927] 
[[0;32m  OK  [0m] Started Daily apt upgrade and clean activities.
[[0;32m  OK  [0m] Listening on cloud-init hotplug hook socket.cloud-init[899]: Your public key has been saved in /etc/ssh/ssh_host_dsa_key.pub.

[[0;32m  OK  [0m] Started ACPI Events Check.
[[0;32m  OK  [0m] [   10.712579] cloud-init[899]: The key fingerprint is:
[   10.714334] cloud-init[899]: SHA256:7vscs6azJLshk4ebZktR3oVyQfHy99ZErdGAA0lsfjA root@ubuntu-bionicReached target Paths.
[[0;32m  OK  [0m] Started Discard unused blocks once a week.

[   10.719226] cloud-init[899]: [[0;32m  OK  [0m] Listening on D-Bus System Message Bus Socket.
[[0;32m  OK  [0m] Started Message of the Day.
The key's randomart image is:
[   10.725222] cloud-init[899]: +---[DSA 1024]----+
[   10.726849] cloud-init[899]: |       .++oo ..  |[[0;32m  OK  [0m] Listening on UUID daemon activation socket.
[[0;32m  OK  [0m] Started Ubuntu Advantage Timer for running repeated jobs.

[   10.732646] cloud-init[899]: |         +E o  o.|
[   10.734365] cloud-init[899]: |      o +ooo .. +|
[[0;32m  OK  [0m] Listening on ACPID Listen Socket.
[[0;32m  OK  [0m] Reached target Timers.
[[   10.740412] cloud-init[899]: |     o + +. .  + |
[   10.742238] cloud-init[899]: |    . . S ... . .|
[   10.743964] [0;32m  OK  [0m] Reached target Network is Online.
cloud-init[899]: |     + .   . . o |
         [   10.748392] cloud-init[899]: |    * + o o   o .|
[   10.750135] cloud-init[899]: |   .o* *...+ .   |
[   10.751842] Starting Availability of block devices...
[[0;32m  OK  [0m] Reached target Remote File Systems (Pre).
[[0;32m  OK  [0m] Reached target Remote File Systems.cloud-init[899]: |   o+.o.=B+      |
[   10.757958] cloud-init[899]: +----[SHA256]-----+
[   10.759743] 
[[0;32m  OK  [0m] Listening on Socket activation for snappy daemon.
[[0;32m  OK  [0m] Listening on LXD - unix socket.
[[0;32m  OK  [0m] Reached target Sockets.
[[0;32m  OK  [0mcloud-init] Reached target Basic System.
[899]: Generating public/private ecdsa key pair.
[[0;32m  OK  [0m] Started Deferred execution scheduler.
[   10.777582] cloud-init[899]: Your identification has been saved in /etc/ssh/ssh_host_ecdsa_key.
[[0;32m  OK  [0m] Started irqbalance daemon.
[   10.787807] cloud-init[899]: Your public key has been saved in /etc/ssh/ssh_host_ecdsa_key.pub.
[   10.793036] [[0;32m  OK  [0m] Started Regular background program processing daemon.
         Starting Login Service...
cloud-init[899]: [[0;32m  OK  [0m] Started FUSE filesystem for LXC.
The key fingerprint is:
[[0;32m  OK  [0m] Started D-Bus System Message Bus.
[   10.808904] cloud-init[899]: SHA256:Gsje5dLwtCL7KDwk83vEoffhtlTz6Hc6jLq2y3yKur0 root@ubuntu-bionic
[   10.817664] cloud-init[899]: The key's randomart image is:
[   10.821349] cloud-init[899]: +---[ECDSA 256]---+
[   10.827572] cloud-init[899]: |                 |
[   10.831458] cloud-init[899]: |                 |
[   10.834962] cloud-init[899]: |                 |
[   10.841720] cloud-init[899]: |   ...           |
[   10.847566] cloud-init         Starting Accounts Service...
         Starting Permit User Sessions...
[899]: |   oo.o S        |
[   10.862542] cloud-init[899]: |o o.+..@ =       |
[   10.866167] cloud-init         Starting Pollinate to seed the pseudo random number generator...
         Starting Virtualbox guest utils...
[899]: | * ooo*.*o.      |
         Starting LXD - container startup/shutdown...
[   10.878261] cloud-init[899]: |  =..O=+o + .    |
[   10.888470] cloud-init[899]: |  +BE=@O...+     |
[   10.893344] cloud-init[899]: +----[SHA256]-----+
[   10.899516] cloud-init[899]: Generating public/private ed25519 key pair.
[   10.906325] cloud-init[899]: Your identification has been saved in /etc/ssh/ssh_host_ed25519_key.
[   10.912553] cloud-init[899]: Your public key has been saved in /etc/ssh/ssh_host_ed25519_key.pub.
[   10.919852] cloud-init[899]: The key fingerprint is:
[   10.926282] cloud-init[899]: SHA256:7fow53BSRALeaajd87t50sl2rlgTu3lpt+L7um14nlg root@ubuntu-bionic
[   10.935665] cloud-init[899]: The key's randomart image is:
[   10.940026] cloud-init[899]: +--[ED25519 256]--+
[   10.942716] cloud-init[899]: |      ... .      |
[   10.945483] cloud-init[899]: |     . o +       |
[   10.948457] cloud-init[899]: |      o + .      |
[   10.951251] cloud-init[899]: |     o o o       |
[   10.955234] cloud-init[899]: |    . . S o .    |
[   10.958325] cloud-init[899]: |         =   o   |
[   10.961175] cloud-init         Starting Snap Daemon...
         Starting LSB: automatic crash report generation...
         Starting LSB: Record successful boot for GRUB...
[899]: |        = =o+..E |
[[0;32m  OK  [0m] Reached target Login Prompts (Pre).
         Starting System Logging Service...
[   10.987030] cloud-init[899]: |         X.=**Ooo|
[   10.998607] cloud-init[899]: |        ..B==%@B.|
[   11.004165] cloud-init[899]: +----[SHA256]-----+
         Starting Dispatcher daemon for systemd-networkd...
[[0;32m  OK  [0m] Started Availability of block devices.
[[0;32m  OK  [0m] Started Permit User Sessions.
[[0;32m  OK  [0m] Started LXD - container startup/shutdown.
[[0;32m  OK  [0m] Started System Logging Service.
[[0;32m  OK  [0m] Started Login Service.
[[0;32m  OK  [0m] Started LSB: automatic crash report generation.
         Starting Authorization Manager...
[[0;32m  OK  [0m] Started Unattended Upgrades Shutdown.
         Starting Hostname Service...
         Starting Hold until boot process finishes up...
         Starting Terminate Plymouth Boot Screen...
[[0;32m  OK  [0m] Started Hold until boot process finishes up.
[[0;32m  OK  [0m] Started Serial Getty on ttyS0.
         Starting Set console scheme...
[[0;32m  OK  [0m] Started Terminate Plymouth Boot Screen.
[[0;32m  OK  [0m] Started Authorization Manager.
[[0;32m  OK  [0m] Started Accounts Service.
[[0;32m  OK  [0m] Started Hostname Service.
[[0;32m  OK  [0m] Started Set console scheme.
[[0;32m  OK  [0m] Created slice system-getty.slice.
[[0;32m  OK  [0m] Started Getty on tty1.
[[0;32m  OK  [0m] Reached target Login Prompts.
[[0;32m  OK  [0m] Started LSB: Record successful boot for GRUB.
[[0;32m  OK  [0m] Started Virtualbox guest utils.
[[0;32m  OK  [0m] Started Dispatcher daemon for systemd-networkd.
[[0;32m  OK  [0m] Started Snap Daemon.
         Starting Wait until snapd is fully seeded...
[[0;32m  OK  [0m] Started Pollinate to seed the pseudo random number generator.
         Starting OpenBSD Secure Shell server...
[[0;32m  OK  [0m] Started OpenBSD Secure Shell server.
         Starting Time & Date Service...
[[0;32m  OK  [0m] Started Time & Date Service.
[[0;32m  OK  [0m] Created slice User Slice of vagrant.
         Starting User Manager for UID 1000...
[[0;32m  OK  [0m] Started Session 1 of user vagrant.
[[0;32m  OK  [0m] Started User Manager for UID 1000.
[[0;32m  OK  [0m] Started Wait until snapd is fully seeded.
         Starting Apply the settings specified in cloud-config...
[   15.107992] cloud-init[1552]: Cloud-init v. 23.1.2-0ubuntu0~18.04.1 running 'modules:config' at Tue, 12 Nov 2024 21:19:10 +0000. Up 14.79 seconds.
[[0;32m  OK  [0m] Started Apply the settings specified in cloud-config.
[[0;32m  OK  [0m] Reached target Multi-User System.
         Starting Execute cloud user/final scripts...
[[0;32m  OK  [0m] Reached target Graphical Interface.
         Starting Update UTMP about System Runlevel Changes...
[[0;32m  OK  [0m] Started Update UTMP about System Runlevel Changes.
ci-info: no authorized SSH keys fingerprints found for user ubuntu.
<14>Nov 12 21:19:11 cloud-init: #############################################################
<14>Nov 12 21:19:11 cloud-init: -----BEGIN SSH HOST KEY FINGERPRINTS-----
<14>Nov 12 21:19:11 cloud-init: 1024 SHA256:7vscs6azJLshk4ebZktR3oVyQfHy99ZErdGAA0lsfjA root@ubuntu-bionic (DSA)
<14>Nov 12 21:19:11 cloud-init: 256 SHA256:Gsje5dLwtCL7KDwk83vEoffhtlTz6Hc6jLq2y3yKur0 root@ubuntu-bionic (ECDSA)
<14>Nov 12 21:19:11 cloud-init: 256 SHA256:7fow53BSRALeaajd87t50sl2rlgTu3lpt+L7um14nlg root@ubuntu-bionic (ED25519)
<14>Nov 12 21:19:11 cloud-init: 2048 SHA256:T+k+RLw/Oa/RbGqz/2oJ+s7d0rJ2Xnt31304S63r45U root@ubuntu-bionic (RSA)
<14>Nov 12 21:19:11 cloud-init: -----END SSH HOST KEY FINGERPRINTS-----
<14>Nov 12 21:19:11 cloud-init: ################[[0;32m  OK  [0m] Stopped Unattended Upgrades Shutdown.
[[0;32m  OK  [0m] Stopped target Timers.
         Stopping Availability of block devices...
[[0;32m  OK  [0m] Stopped Discard unused blocks once a week.
[[0;32m  OK  [0m] Stopped Daily apt upgrade and clean activities.
[[0;32m  OK  [0m] Stopped Daily apt download activities.
[[0;32m  OK  [0m] Closed Load/Save RF Kill Switch Status /dev/rfkill Watch.
[[0;32m  OK  [0m] Stopped target Cloud-init target.
[[0;32m  OK  [0m] Stopped Execute cloud user/final scripts.
[[0;32m  OK  [0m] Stopped Apply the settings specified in cloud-config.
[[0;32m  OK  [0m] Stopped target Cloud-config availability.
[[0;32m  OK  [0m] Stopped Ubuntu Advantage Timer for running repeated jobs.
         Stopping Session 4 of user vagrant.
[[0;32m  OK  [0m] Stopped Daily Cleanup of Temporary Directories.
         Stopping Authorization Manager...
[[0;32m  OK  [0m] Stopped Message of the Day.
[[0;32m  OK  [0m] Stopped target System Time Synchronized.
[[0;32m  OK  [0m] Stopped target G[[0;32m  OK  [0m] Stopped Unattended Upgrades Shutdown.
[[0;32m  OK  [0m] Closed Load/Save RF Kill Switch Status /dev/rfkill Watch.
[[0;32m  OK  [0m] Stopped target Timers.
[[0;32m  OK  [0m] Stopped Message of the Day.
[[0;32m  OK  [0m] Stopped Ubuntu Advantage Timer for running repeated jobs.
[[0;32m  OK  [0m] Stopped target Host and Network Name Lookups.
[[0;32m  OK  [0m] Stopped target Graphical Interface.
         Stopping Authorization Manager...
         Stopping User Manager for UID 1000...
[[0;32m  OK  [0m] Stopped Daily apt upgrade and clean activities.
[[0;32m  OK  [0m] Stopped Daily apt download activities.
         Stopping Availability of block devices...
[[0;32m  OK  [0m] Stopped Discard unused blocks once a week.
[[0;32m  OK  [0m] Stopped target System Time Synchronized.
[[0;32m  OK  [0m] Stopped target Cloud-init target.
[[0;32m  OK  [0m] Stopped Execute cloud user/final scripts.
[[0;32m  OK  [0m] Stopped target Multi-User System.
         Stopping FUSE filesystem for LXC...
         Stopping Deferred execution scheduler...
         Stopping LSB: automatic crash report generation...
         Stopping OpenBSD Secure Shell server...
         Stopping Dispatcher daemon for systemd-networkd...
         Stopping Virtualbox guest utils...
[[0;32m  OK  [0m] Stopped target Login Prompts.
         Stopping Getty on tty1...
         Stopping Serial Getty on ttyS0...
         Stopping Regular background program processing daemon...
         Stopping D-Bus System Message Bus...
[[0;32m  OK  [0m] Stopped Apply the settings specified in cloud-config.
[[0;32m  OK  [0m] Stopped target Network is Online.
[[0;32m  OK  [0m] Stopped target Cloud-config availability.
[[0;32m  OK  [0m] Stopped Wait until snapd is fully seeded.
         Stopping System Logging Service...
[[0;32m  OK  [0m] Stopped Daily Cleanup of Temporary Directories.
         Stopping Session 5 of user vagrant.
         Stopping Accounts Service...
         Stopping LXD - container startup/shutdown...
         Stopping LSB: Record successful boot for GRUB...
[[0;32m  OK  [0m] Unmounted /var/lib/lxcfs.
[[0;32m  OK  [0m] Stopped Dispatcher daemon for systemd-networkd.
[[0;32m  OK  [0m] Stopped Accounts Service.
[[0;32m  OK  [0m] Stopped System Logging Service.
[[0;32m  OK  [0m] Stopped Deferred execution scheduler.
[[0;32m  OK  [0m] Stopped Regular background program processing daemon.
[[0;32m  OK  [0m] Stopped Authorization Manager.
[[0;32m  OK  [0m] Stopped Serial Getty on ttyS0.
[[0;32m  OK  [0m] Stopped Getty on tty1.
[[0;32m  OK  [0m] Stopped OpenBSD Secure Shell server.
[[0;32m  OK  [0m] Stopped User Manager for UID 1000.
[[0;32m  OK  [0m] Stopped Availability of block devices.
[[0;32m  OK  [0m] Stopped D-Bus System Message Bus.
[[0;32m  OK  [0m] Stopped FUSE filesystem for LXC.
[[0;32m  OK  [0m] Stopped Session 5 of user vagrant.
[[0;32m  OK  [0m] Removed slice User Slice of vagrant.
         Stopping Login Service...
[[0;32m  OK  [0m] Removed slice system-getty.slice.
[[0;32m  OK  [0m] Stopped target Login Prompts (Pre).
         Stopping Permit User Sessions...
[[0;32m  OK  [0m] Removed slice system-serial\x2dgetty.slice.
[[0;32m  OK  [0m] Stopped Login Service.
[[0;32m  OK  [0m] Stopped LXD - container startup/shutdown.
[[0;32m  OK  [0m] Stopped Permit User Sessions.
[[0;32m  OK  [0m] Stopped LSB: Record successful boot for GRUB.
[[0;32m  OK  [0m] Stopped LSB: automatic crash report generation.
[[0;32m  OK  [0m] Stopped target Network.
         Stopping Network Name Resolution...
[[0;32m  OK  [0m] Stopped target Remote File Systems.
[[0;32m  OK  [0m] Stopped target Remote File Systems (Pre).
[[0;32m  OK  [0m] Stopped target User and Group Name Lookups.
[[0;32m  OK  [0m] Stopped Network Name Resolution.
[[0;32m  OK  [0m] Stopped Virtualbox guest utils.
[[0;32m  OK  [0m] Stopped target Basic System.
[[0;32m  OK  [0m] Stopped target Sockets.
[[0;32m  OK  [0m] Closed D-Bus System Message Bus Socket.
[[0;32m  OK  [0m] Closed UUID daemon activation socket.
[[0;32m  OK  [0m] Closed cloud-init hotplug hook socket.
[[0;32m  OK  [0m] Closed ACPID Listen Socket.
[[0;32m  OK  [0m] Closed LXD - unix socket.
[[0;32m  OK  [0m] Closed Socket activation for snappy daemon.
[[0;32m  OK  [0m] Closed Open-iSCSI iscsid Socket.
[[0;32m  OK  [0m] Closed Syslog Socket.
[[0;32m  OK  [0m] Stopped target Paths.
[[0;32m  OK  [0m] Stopped ACPI Events Check.
[[0;32m  OK  [0m] Stopped target System Initialization.
         Stopping Update UTMP about System Boot/Shutdown...
[[0;32m  OK  [0m] Stopped Commit a transient machine-id on disk.
[[0;32m  OK  [0m] Stopped Initial cloud-init job (metadata service crawler).
[[0;32m  OK  [0m] Stopped target Local Encrypted Volumes.
[[0;32m  OK  [0m] Stopped Dispatch Password Requests to Console Directory Watch.
[[0;32m  OK  [0m] Stopped Forward Password Requests to Wall Directory Watch.
         Stopping Load/Save Random Seed...
[[0;32m  OK  [0m] Stopped target Slices.
[[0;32m  OK  [0m] Removed slice User and Session Slice.
         Stopping Network Service...
[[0;32m  OK  [0m] Stopped Load/Save Random Seed.
[[0;32m  OK  [0m] Stopped Update UTMP about System Boot/Shutdown.
[[0;32m  OK  [0m] Stopped Create Volatile Files and Directories.
[[0;32m  OK  [0m] Stopped target Local File Systems.
[[0;32m  OK  [0m] Stopped target Mounted snaps.
[[0;32m  OK  [0m] Stopped target Mounting snaps.
         Unmounting /run/user/1000...
[[0;32m  OK  [0m] Unmounted /run/user/1000.
[[0;32m  OK  [0m] Reached target Unmount All Filesystems.
[[0;32m  OK  [0m] Stopped target Swap.
[[0;32m  OK  [0m] Stopped target Local File Systems (Pre).
[[0;32m  OK  [0m] Stopped Create Static Device Nodes in /dev.
         Stopping Monitoring of LVM2 mirrorsâ€¦ng dmeventd or progress polling...
[[0;32m  OK  [0m] Stopped Network Service.
[[0;32m  OK  [0m] Stopped Apply Kernel Variables.
[[0;32m  OK  [0m] Stopped Load Kernel Modules.
[[0;32m  OK  [0m] Stopped target Network (Pre).
[[0;32m  OK  [0m] Stopped Initial cloud-init job (pre-networking).
[[0;32m  OK  [0m] Stopped Remount Root and Kernel File Systems.
[[0;32m  OK  [0m] Reached target Shutdown.
[[0;32m  OK  [0m] Reached target Final Step.
         Starting Power-Off...
[[0;32m  OK  [0m] Stopped Monitoring of LVM2 mirrors,â€¦sing dmeventd or progress polling.
         Stopping LVM2 metadata daemon...
[[0;32m  OK  [0m] Stopped LVM2 metadata daemon.
[  441.702240] reboot: Power down
Stopped Remount Root and Kernel File Systems.
[[0;32m  OK  [0m] Stopped Apply Kernel Variables.
[[0;32m  OK  [0m] Stopped Load Kernel Modules.
[[0;32m  OK  [0m] Reached target Shutdown.
[[0;32m  OK  [0m] Reached target Final Step.
         Starting Power-Off...
[[0;32m  OK  [0m] Stopped Monitoring of LVM2 mirrors,â€¦sing dmeventd or progress polling.
         Stopping LVM2 metadata daemon...
[[0;32m  OK  [0m] Stopped LVM2 metadata daemon.
[  210.957710] reboot: Power down
